Archive member included because of file (symbol)

c:/program files (x86)/gnu tools arm embedded/4.8 2014q2/bin/../lib/gcc/arm-none-eabi/4.8.4/../../../../arm-none-eabi/lib/armv7-m\libc.a(lib_a-assert.o)
                              ..\obj\bootutil_loader.o (__assert_func)
c:/program files (x86)/gnu tools arm embedded/4.8 2014q2/bin/../lib/gcc/arm-none-eabi/4.8.4/../../../../arm-none-eabi/lib/armv7-m\libc.a(lib_a-fiprintf.o)
                              c:/program files (x86)/gnu tools arm embedded/4.8 2014q2/bin/../lib/gcc/arm-none-eabi/4.8.4/../../../../arm-none-eabi/lib/armv7-m\libc.a(lib_a-assert.o) (fiprintf)
c:/program files (x86)/gnu tools arm embedded/4.8 2014q2/bin/../lib/gcc/arm-none-eabi/4.8.4/../../../../arm-none-eabi/lib/armv7-m\libc.a(lib_a-impure.o)
                              c:/program files (x86)/gnu tools arm embedded/4.8 2014q2/bin/../lib/gcc/arm-none-eabi/4.8.4/../../../../arm-none-eabi/lib/armv7-m\libc.a(lib_a-assert.o) (_impure_ptr)
c:/program files (x86)/gnu tools arm embedded/4.8 2014q2/bin/../lib/gcc/arm-none-eabi/4.8.4/../../../../arm-none-eabi/lib/armv7-m\libc.a(lib_a-malloc.o)
                              ..\obj\loader.o (malloc)
c:/program files (x86)/gnu tools arm embedded/4.8 2014q2/bin/../lib/gcc/arm-none-eabi/4.8.4/../../../../arm-none-eabi/lib/armv7-m\libc.a(lib_a-mallocr.o)
                              c:/program files (x86)/gnu tools arm embedded/4.8 2014q2/bin/../lib/gcc/arm-none-eabi/4.8.4/../../../../arm-none-eabi/lib/armv7-m\libc.a(lib_a-malloc.o) (_malloc_r)
c:/program files (x86)/gnu tools arm embedded/4.8 2014q2/bin/../lib/gcc/arm-none-eabi/4.8.4/../../../../arm-none-eabi/lib/armv7-m\libc.a(lib_a-memcmp.o)
                              ..\obj\bootutil_misc.o (memcmp)
c:/program files (x86)/gnu tools arm embedded/4.8 2014q2/bin/../lib/gcc/arm-none-eabi/4.8.4/../../../../arm-none-eabi/lib/armv7-m\libc.a(lib_a-memcpy.o)
                              ..\obj\ecc_dh.o (memcpy)
c:/program files (x86)/gnu tools arm embedded/4.8 2014q2/bin/../lib/gcc/arm-none-eabi/4.8.4/../../../../arm-none-eabi/lib/armv7-m\libc.a(lib_a-memset.o)
                              ..\obj\ecc_dh.o (memset)
c:/program files (x86)/gnu tools arm embedded/4.8 2014q2/bin/../lib/gcc/arm-none-eabi/4.8.4/../../../../arm-none-eabi/lib/armv7-m\libc.a(lib_a-mlock.o)
                              c:/program files (x86)/gnu tools arm embedded/4.8 2014q2/bin/../lib/gcc/arm-none-eabi/4.8.4/../../../../arm-none-eabi/lib/armv7-m\libc.a(lib_a-mallocr.o) (__malloc_lock)
c:/program files (x86)/gnu tools arm embedded/4.8 2014q2/bin/../lib/gcc/arm-none-eabi/4.8.4/../../../../arm-none-eabi/lib/armv7-m\libc.a(lib_a-sbrkr.o)
                              c:/program files (x86)/gnu tools arm embedded/4.8 2014q2/bin/../lib/gcc/arm-none-eabi/4.8.4/../../../../arm-none-eabi/lib/armv7-m\libc.a(lib_a-mallocr.o) (_sbrk_r)
c:/program files (x86)/gnu tools arm embedded/4.8 2014q2/bin/../lib/gcc/arm-none-eabi/4.8.4/../../../../arm-none-eabi/lib/armv7-m\libc.a(lib_a-vfiprintf.o)
                              c:/program files (x86)/gnu tools arm embedded/4.8 2014q2/bin/../lib/gcc/arm-none-eabi/4.8.4/../../../../arm-none-eabi/lib/armv7-m\libc.a(lib_a-fiprintf.o) (_vfiprintf_r)
c:/program files (x86)/gnu tools arm embedded/4.8 2014q2/bin/../lib/gcc/arm-none-eabi/4.8.4/../../../../arm-none-eabi/lib/armv7-m\libc.a(lib_a-wsetup.o)
                              c:/program files (x86)/gnu tools arm embedded/4.8 2014q2/bin/../lib/gcc/arm-none-eabi/4.8.4/../../../../arm-none-eabi/lib/armv7-m\libc.a(lib_a-vfiprintf.o) (__swsetup_r)
c:/program files (x86)/gnu tools arm embedded/4.8 2014q2/bin/../lib/gcc/arm-none-eabi/4.8.4/../../../../arm-none-eabi/lib/armv7-m\libc.a(lib_a-abort.o)
                              c:/program files (x86)/gnu tools arm embedded/4.8 2014q2/bin/../lib/gcc/arm-none-eabi/4.8.4/../../../../arm-none-eabi/lib/armv7-m\libc.a(lib_a-assert.o) (abort)
c:/program files (x86)/gnu tools arm embedded/4.8 2014q2/bin/../lib/gcc/arm-none-eabi/4.8.4/../../../../arm-none-eabi/lib/armv7-m\libc.a(lib_a-fflush.o)
                              c:/program files (x86)/gnu tools arm embedded/4.8 2014q2/bin/../lib/gcc/arm-none-eabi/4.8.4/../../../../arm-none-eabi/lib/armv7-m\libc.a(lib_a-vfiprintf.o) (_fflush_r)
c:/program files (x86)/gnu tools arm embedded/4.8 2014q2/bin/../lib/gcc/arm-none-eabi/4.8.4/../../../../arm-none-eabi/lib/armv7-m\libc.a(lib_a-findfp.o)
                              c:/program files (x86)/gnu tools arm embedded/4.8 2014q2/bin/../lib/gcc/arm-none-eabi/4.8.4/../../../../arm-none-eabi/lib/armv7-m\libc.a(lib_a-vfiprintf.o) (__sinit)
c:/program files (x86)/gnu tools arm embedded/4.8 2014q2/bin/../lib/gcc/arm-none-eabi/4.8.4/../../../../arm-none-eabi/lib/armv7-m\libc.a(lib_a-fputwc.o)
                              c:/program files (x86)/gnu tools arm embedded/4.8 2014q2/bin/../lib/gcc/arm-none-eabi/4.8.4/../../../../arm-none-eabi/lib/armv7-m\libc.a(lib_a-vfiprintf.o) (_fputwc_r)
[...]
Memory Configuration

Name             Origin             Length             Attributes
rom              0x08000000         0x00080000         xr
ram              0x20000000         0x00010000         xrw
*default*        0x00000000         0xffffffff

Linker script and memory map

                0x20010000                _eram = 0x20010000

.text           0x08000000      0x354
                0x08000000                __stext1 = .
                0x08000000                . = ALIGN (0x4)
 *(.isr_vector)
 .isr_vector    0x08000000      0x134 ..\obj\startup_stm32f10x_hd.o
                0x08000000                g_pfnVectors
 *(.text*)
 .text.SystemInit
                0x08000134       0x68 ..\obj\system_stm32f10x.o
                0x08000134                SystemInit
 .text.SetSysClock
                0x0800019c        0xc ..\obj\system_stm32f10x.o
 .text.SetSysClockTo72
                0x080001a8      0x100 ..\obj\system_stm32f10x.o
 .text.NVIC_SystemReset
                0x080002a8       0x28 ..\obj\startup_stm32f10x_hd.o
 .text.Default_Reset_Handler
                0x080002d0       0x60 ..\obj\startup_stm32f10x_hd.o
                0x080002d0                Default_Reset_Handler
                0x080002d0                Reset_Handler
 .text.Default_Handler
                0x08000330        0xc ..\obj\startup_stm32f10x_hd.o
                0x08000330                EXTI2_IRQHandler
                0x08000330                TIM8_TRG_COM_IRQHandler
                0x08000330                TIM8_CC_IRQHandler
                0x08000330                DebugMon_Handler
                0x08000330                TIM1_CC_IRQHandler
                0x08000330                HardFault_Handler
                0x08000330                TIM6_IRQHandler
                0x08000330                SysTick_Handler
                0x08000330                PVD_IRQHandler
                0x08000330                SDIO_IRQHandler
                0x08000330                PendSV_Handler
                0x08000330                NMI_Handler
                0x08000330                EXTI3_IRQHandler
                0x08000330                EXTI0_IRQHandler
                0x08000330                I2C2_EV_IRQHandler
                0x08000330                UsageFault_Handler
                0x08000330                ADC1_2_IRQHandler
                0x08000330                SPI1_IRQHandler
                0x08000330                TAMPER_IRQHandler
                0x08000330                TIM8_UP_IRQHandler
                0x08000330                DMA2_Channel2_IRQHandler
                0x08000330                DMA1_Channel4_IRQHandler
                0x08000330                USART3_IRQHandler
                0x08000330                RTC_IRQHandler
                0x08000330                DMA1_Channel7_IRQHandler
                0x08000330                CAN1_RX1_IRQHandler
                0x08000330                UART5_IRQHandler
                0x08000330                ADC3_IRQHandler
                0x08000330                TIM4_IRQHandler
                0x08000330                DMA2_Channel1_IRQHandler
                0x08000330                I2C1_EV_IRQHandler
                0x08000330                DMA1_Channel6_IRQHandler
                0x08000330                UART4_IRQHandler
                0x08000330                TIM3_IRQHandler
                0x08000330                RCC_IRQHandler
                0x08000330                TIM1_TRG_COM_IRQHandler
                0x08000330                DMA1_Channel1_IRQHandler
                0x08000330                EXTI15_10_IRQHandler
                0x08000330                TIM7_IRQHandler
                0x08000330                TIM5_IRQHandler
                0x08000330                EXTI9_5_IRQHandler
                0x08000330                SPI2_IRQHandler
                0x08000330                MemManage_Handler
                0x08000330                SVC_Handler
                0x08000330                DMA1_Channel5_IRQHandler
                0x08000330                EXTI4_IRQHandler
                0x08000330                USB_LP_CAN1_RX0_IRQHandler
                0x08000330                USB_HP_CAN1_TX_IRQHandler
                0x08000330                DMA1_Channel3_IRQHandler
                0x08000330                FSMC_IRQHandler
                0x08000330                TIM1_UP_IRQHandler
                0x08000330                WWDG_IRQHandler
                0x08000330                TIM2_IRQHandler
                0x08000330                TIM1_BRK_IRQHandler
                0x08000330                EXTI1_IRQHandler
                0x08000330                RTCAlarm_IRQHandler
                0x08000330                DMA2_Channel4_5_IRQHandler
                0x08000330                USART2_IRQHandler
                0x08000330                I2C2_ER_IRQHandler
                0x08000330                DMA1_Channel2_IRQHandler
                0x08000330                TIM8_BRK_IRQHandler
                0x08000330                CAN1_SCE_IRQHandler
                0x08000330                FLASH_IRQHandler
                0x08000330                BusFault_Handler
                0x08000330                USART1_IRQHandler
                0x08000330                SPI3_IRQHandler
                0x08000330                I2C1_ER_IRQHandler
                0x08000330                USBWakeUp_IRQHandler
                0x08000330                DMA2_Channel3_IRQHandler
 .text.main     0x0800033c        0xc ..\obj\main.o
                0x0800033c                main
 .text.Init     0x08000348        0xc ..\obj\init.o
                0x08000348                Init
 *(.init)
 *(.fini)
 *crtbegin.o(.ctors)
 *crtbegin?.o(.ctors)
 *(EXCLUDE_FILE(*crtend.o *crtend?.o) .ctors)
 *(SORT(.ctors.*))
 *(.ctors)
 *crtbegin.o(.dtors)
 *crtbegin?.o(.dtors)
 *(EXCLUDE_FILE(*crtend.o *crtend?.o) .dtors)
 *(SORT(.dtors.*))
 *(.dtors)
 *(.rodata*)
 *(.eh_fram e*)
                0x08000354                . = ALIGN (0x4)
                0x08000354                __etext1 = .

.glue_7         0x08000354        0x0
 .glue_7        0x00000000        0x0 linker stubs

.glue_7t        0x08000354        0x0
 .glue_7t       0x00000000        0x0 linker stubs

.vfp11_veneer   0x08000354        0x0
 .vfp11_veneer  0x00000000        0x0 linker stubs

.v4_bx          0x08000354        0x0
 .v4_bx         0x00000000        0x0 linker stubs

.iplt           0x08000354        0x0
 .iplt          0x00000000        0x0 ..\obj\stm32f10x_rtc.o

.rel.dyn        0x08000354        0x0
 .rel.iplt      0x00000000        0x0 ..\obj\stm32f10x_rtc.o

.fw_chksm_sec   0x08000354        0x0
                0x08000354                __sfw_chksm = .
                0x08000354                . = ALIGN (0x4)
 *(.fw_chksm_sec)
 *(.fw_chksm_sec*)
                0x08000354                . = ALIGN (0x4)
                0x08000354                . = ALIGN (0x4)
                0x08000354                _efw_chksm = .

.ARM.extab
 *(.ARM.extab* .gnu.linkonce.armextab.*)
                0x08000354                __exidx_start = .

.ARM.exidx
 *(.ARM.exidx* .gnu.linkonce.armexidx.*)
                0x08000354                __exidx_end = .
                0x08000354                __etext = .
                0x08000354                _sidata = __etext

.data           0x20000000        0x0 load address 0x08000354
                0x20000000                __data_start__ = .
                0x20000000                _sdata = __data_start__
 *(vtable)
 *(.data*)
                0x20000000                . = ALIGN (0x4)
                0x20000000                PROVIDE (__preinit_array_start, .)
 *(.preinit_array)
                0x20000000                PROVIDE (__preinit_array_end, .)
                0x20000000                . = ALIGN (0x4)
                0x20000000                PROVIDE (__init_array_start, .)
 *(SORT(.init_array.*))
 *(.init_array)
                0x20000000                PROVIDE (__init_array_end, .)
                0x20000000                . = ALIGN (0x4)
                0x20000000                PROVIDE (__fini_array_start, .)
 *(SORT(.fini_array.*))
 *(.fini_array)
                0x20000000                PROVIDE (__fini_array_end, .)
 *(.jcr*)
                0x20000000                . = ALIGN (0x4)
                0x20000000                __data_end__ = .
                0x20000000                _edata = __data_end__

.igot.plt       0x20000000        0x0
 .igot.plt      0x00000000        0x0 ..\obj\stm32f10x_rtc.o

.bss            0x20000000        0x0
                0x20000000                . = ALIGN (0x4)
                0x20000000                __bss_start__ = .
                0x20000000                _sbss = __bss_start__
 *(.bss*)
 *(COMMON)
                0x20000000                . = ALIGN (0x4)
                0x20000000                __bss_end__ = .
                0x20000000                _ebss = __bss_end__

.heap           0x20000000        0x0
                0x20000000                __end__ = .
                0x20000000                _end = __end__
                0x20000000                end = __end__
 *(.heap*)
                0x20000000                __HeapLimit = .

.co_stack       0x20000000      0x400
                0x20000000                . = ALIGN (0x8)
 *(.co_stack .co_stack.*)
 .co_stack      0x20000000      0x400 ..\obj\startup_stm32f10x_hd.o
                0x20000000                pulStack
                0x20010000                __StackTop = (ORIGIN (ram) + 0x10000)
                0x2000fc00                __StackLimit = (__StackTop - SIZEOF (.co_stack))
                0x20010000                PROVIDE (__stack, __StackTop)
                0x00000001                ASSERT ((__StackLimit >= __HeapLimit), region ram  overflowed with stack)
                0x08000000                _FW_START_ADDR = __stext1
                0x08000354                _FW_END_ADDR = __etext1
LOAD ..\obj\stm32f10x_rtc.o
LOAD ..\obj\ecc_platform_specific.o
LOAD ..\obj\hmac_prng.o
LOAD ..\obj\stm32f10x_tim.o
LOAD ..\obj\ecc_dh.o
LOAD ..\obj\boot_record.o
LOAD ..\obj\image_ecdsa.o
LOAD ..\obj\encrypted.o
LOAD ..\obj\system_stm32f10x.o
LOAD ..\obj\aes_encrypt.o
LOAD ..\obj\tlv.o
LOAD ..\obj\bootutil_loader.o
LOAD ..\obj\startup_stm32f10x_hd.o
LOAD ..\obj\stm32f10x_pwr.o
LOAD ..\obj\swap_move.o
LOAD ..\obj\mcu_port.o
LOAD ..\obj\stm32f10x_can.o
LOAD ..\obj\swap_offset.o
LOAD ..\obj\stm32f10x_gpio.o
LOAD ..\obj\bootutil_misc.o
LOAD ..\obj\cbc_mode.o
LOAD ..\obj\stm32f10x_dac.o
LOAD ..\obj\loader.o
LOAD ..\obj\main.o
LOAD ..\obj\utils.o
LOAD ..\obj\sha256.o
LOAD ..\obj\ecc.o
LOAD ..\obj\init.o
LOAD ..\obj\bootutil_area.o
LOAD ..\obj\stm32f10x_rcc.o
LOAD ..\obj\fault_injection_hardening_delay_rng_mbedtls.o
LOAD ..\obj\caps.o
LOAD ..\obj\stm32f10x_adc.o
LOAD ..\obj\stm32f10x_usart.o
LOAD ..\obj\image_rsa.o
LOAD ..\obj\cmac_mode.o
LOAD ..\obj\bootutil_find_key.o
LOAD ..\obj\syscalls.o
LOAD ..\obj\encrypted_psa.o
LOAD ..\obj\ctr_mode.o
LOAD ..\obj\stm32f10x_flash.o
LOAD ..\obj\swap_misc.o
LOAD ..\obj\swap_scratch.o
LOAD ..\obj\stm32f10x_sdio.o
LOAD ..\obj\ram_load.o
LOAD ..\obj\image_validate.o
LOAD ..\obj\hmac.o
LOAD ..\obj\bootutil_img_hash.o
LOAD ..\obj\bootutil_img_security_cnt.o
LOAD ..\obj\ctr_prng.o
LOAD ..\obj\fault_injection_hardening.o
LOAD ..\obj\misc.o
LOAD ..\obj\aes_decrypt.o
LOAD ..\obj\image_ed25519.o
LOAD ..\obj\stm32f10x_wwdg.o
LOAD ..\obj\stm32f10x_spi.o
LOAD ..\obj\stm32f10x_i2c.o
LOAD ..\obj\bootutil_public.o
LOAD ..\obj\ccm_mode.o
LOAD ..\obj\ecc_dsa.o
LOAD ..\obj\stm32f10x_iwdg.o
LOAD ..\..\..\SRC\LIB\libcbuf_8bit.a
LOAD ..\..\..\SRC\LIB\libcbuf_16bit.a
LOAD ..\..\..\SRC\LIB\libclock.a
LOAD ..\..\..\SRC\LIB\libcrypto_rc4.a
LOAD ..\..\..\SRC\LIB\libdata_conv.a
LOAD ..\..\..\SRC\LIB\libkeypad.a
LOAD ..\..\..\SRC\LIB\libmatrix_keypad.a
LOAD ..\..\..\SRC\LIB\libnv_mem1.a
LOAD ..\..\..\SRC\LIB\libnv_mem2.a
LOAD ..\..\..\SRC\LIB\libs25fl064l.a
LOAD ..\..\..\SRC\LIB\libssd1309.a
LOAD ..\..\..\SRC\LIB\libsys_tick.a
LOAD ..\..\..\SRC\LIB\libuart_com1.a
LOAD ..\..\..\SRC\LIB\libuart_com2.a
LOAD ..\..\..\SRC\LIB\libuart_com3.a
LOAD ..\..\..\SRC\LIB\libx_modem.a
LOAD ..\..\..\SRC\LIB\libesp8266.a
LOAD ..\..\..\SRC\LIB\libdata_integrity.a
LOAD ..\..\..\SRC\LIB\libcan_com1.a
LOAD c:/program files (x86)/gnu tools arm embedded/4.8 2014q2/bin/../lib/gcc/arm-none-eabi/4.8.4/../../../../arm-none-eabi/lib/armv7-m\libm.a
LOAD c:/program files (x86)/gnu tools arm embedded/4.8 2014q2/bin/../lib/gcc/arm-none-eabi/4.8.4/armv7-m\libgcc.a
LOAD c:/program files (x86)/gnu tools arm embedded/4.8 2014q2/bin/../lib/gcc/arm-none-eabi/4.8.4/../../../../arm-none-eabi/lib/armv7-m\libc.a
START GROUP
LOAD c:/program files (x86)/gnu tools arm embedded/4.8 2014q2/bin/../lib/gcc/arm-none-eabi/4.8.4/armv7-m\libgcc.a
LOAD c:/program files (x86)/gnu tools arm embedded/4.8 2014q2/bin/../lib/gcc/arm-none-eabi/4.8.4/../../../../arm-none-eabi/lib/armv7-m\libg.a
LOAD c:/program files (x86)/gnu tools arm embedded/4.8 2014q2/bin/../lib/gcc/arm-none-eabi/4.8.4/../../../../arm-none-eabi/lib/armv7-m\libc.a
END GROUP
OUTPUT(STM32F103RE.elf elf32-littlearm)

.debug_info     0x00000000      0x927
 .debug_info    0x00000000      0x479 ..\obj\system_stm32f10x.o
 .debug_info    0x00000479      0x34f ..\obj\startup_stm32f10x_hd.o
 .debug_info    0x000007c8       0xb5 ..\obj\main.o
 .debug_info    0x0000087d       0xaa ..\obj\init.o

.debug_abbrev   0x00000000      0x35d
 .debug_abbrev  0x00000000      0x14c ..\obj\system_stm32f10x.o
 .debug_abbrev  0x0000014c      0x145 ..\obj\startup_stm32f10x_hd.o
 .debug_abbrev  0x00000291       0x67 ..\obj\main.o
 .debug_abbrev  0x000002f8       0x65 ..\obj\init.o

.debug_aranges  0x00000000       0xa8
 .debug_aranges
                0x00000000       0x38 ..\obj\system_stm32f10x.o
 .debug_aranges
                0x00000038       0x30 ..\obj\startup_stm32f10x_hd.o
 .debug_aranges
                0x00000068       0x20 ..\obj\main.o
 .debug_aranges
                0x00000088       0x20 ..\obj\init.o

.debug_ranges   0x00000000       0x68
 .debug_ranges  0x00000000       0x28 ..\obj\system_stm32f10x.o
 .debug_ranges  0x00000028       0x20 ..\obj\startup_stm32f10x_hd.o
 .debug_ranges  0x00000048       0x10 ..\obj\main.o
 .debug_ranges  0x00000058       0x10 ..\obj\init.o

.debug_line     0x00000000      0x83e
 .debug_line    0x00000000      0x23a ..\obj\system_stm32f10x.o
 .debug_line    0x0000023a      0x293 ..\obj\startup_stm32f10x_hd.o
 .debug_line    0x000004cd      0x1bc ..\obj\main.o
 .debug_line    0x00000689      0x1b5 ..\obj\init.o

.debug_str      0x00000000      0x530
 .debug_str     0x00000000      0x2fc ..\obj\system_stm32f10x.o
                                0x357 (size before relaxing)
 .debug_str     0x000002fc      0x116 ..\obj\startup_stm32f10x_hd.o
                                0x2cd (size before relaxing)
 .debug_str     0x00000412       0x98 ..\obj\main.o
                                0x1c8 (size before relaxing)
 .debug_str     0x000004aa       0x86 ..\obj\init.o
                                0x1c3 (size before relaxing)

.comment        0x00000000       0x70
 .comment       0x00000000       0x70 ..\obj\system_stm32f10x.o
                                 0x71 (size before relaxing)
 .comment       0x00000000       0x71 ..\obj\startup_stm32f10x_hd.o
 .comment       0x00000000       0x71 ..\obj\main.o
 .comment       0x00000000       0x71 ..\obj\init.o

.ARM.attributes
                0x00000000       0x31
 .ARM.attributes
                0x00000000       0x33 ..\obj\system_stm32f10x.o
 .ARM.attributes
                0x00000033       0x33 ..\obj\startup_stm32f10x_hd.o
 .ARM.attributes
                0x00000066       0x33 ..\obj\main.o
 .ARM.attributes
                0x00000099       0x33 ..\obj\init.o

.debug_frame    0x00000000      0x138
 .debug_frame   0x00000000       0x80 ..\obj\system_stm32f10x.o
 .debug_frame   0x00000080       0x64 ..\obj\startup_stm32f10x_hd.o
 .debug_frame   0x000000e4       0x2c ..\obj\main.o
 .debug_frame   0x00000110       0x28 ..\obj\init.o
